// Jest Snapshot v1, https://goo.gl/fbAQLP

exports[`<Header /> renders correctly 1`] = `
<View
  style={
    {
      "alignItems": "flex-end",
      "backgroundColor": "green",
      "flex": 1,
      "flexDirection": "row",
      "height": 100,
      "justifyContent": "center",
      "paddingBottom": 5,
      "position": "absolute",
      "top": 0,
      "width": "100%",
    }
  }
>
  <View
    style={
      {
        "flex": 1,
        "flexDirection": "column",
        "margin": 10,
        "width": 30,
      }
    }
  >
    <View
      style={
        {
          "borderColor": "#fff",
          "borderRadius": 10,
          "borderWidth": 2,
          "marginTop": 8,
          "width": 35,
        }
      }
    />
    <View
      style={
        {
          "borderColor": "#fff",
          "borderRadius": 10,
          "borderWidth": 2,
          "marginTop": 8,
          "width": 35,
        }
      }
    />
    <View
      style={
        {
          "borderColor": "#fff",
          "borderRadius": 10,
          "borderWidth": 2,
          "marginTop": 8,
          "width": 35,
        }
      }
    />
  </View>
  <Text
    style={
      {
        "color": "#fff",
        "fontSize": 40,
        "textAlign": "center",
      }
    }
  >
    Ten Frame
  </Text>
  <View
    style={
      {
        "flex": 1,
        "margin": 10,
      }
    }
  />
</View>
`;
