// Jest Snapshot v1, https://goo.gl/fbAQLP

exports[`<Home /> renders correctly 1`] = `
[
  <Text
    style={
      {
        "color": "#fff",
        "fontSize": 30,
        "marginTop": 10,
        "textAlign": "center",
      }
    }
  >
    Welcome to the Ten Frame app!
  </Text>,
  <Text
    style={
      [
        {
          "color": "#fff",
          "fontSize": 30,
          "marginTop": 10,
          "textAlign": "center",
        },
        {
          "fontStyle": "italic",
        },
      ]
    }
  >
    Choose a mode to get started:
  </Text>,
  <View>
    <View
      accessible={true}
      collapsable={false}
      focusable={true}
      onClick={[Function]}
      onResponderGrant={[Function]}
      onResponderMove={[Function]}
      onResponderRelease={[Function]}
      onResponderTerminate={[Function]}
      onResponderTerminationRequest={[Function]}
      onStartShouldSetResponder={[Function]}
      style={
        {
          "alignItems": "center",
          "backgroundColor": "rgba(0,255,205,0.4)",
          "borderRadius": 12,
          "elevation": 102,
          "marginTop": 20,
          "opacity": 1,
          "zIndex": 102,
        }
      }
    >
      <Text
        style={
          {
            "borderRadius": 12,
            "color": "#fff",
            "fontSize": 30,
            "justifyContent": "center",
            "padding": 16,
            "textAlign": "center",
          }
        }
      >
        Ten Frame - Input
      </Text>
    </View>
    <View
      accessible={true}
      collapsable={false}
      focusable={true}
      onClick={[Function]}
      onResponderGrant={[Function]}
      onResponderMove={[Function]}
      onResponderRelease={[Function]}
      onResponderTerminate={[Function]}
      onResponderTerminationRequest={[Function]}
      onStartShouldSetResponder={[Function]}
      style={
        {
          "alignItems": "center",
          "backgroundColor": "rgba(0,255,205,0.4)",
          "borderRadius": 12,
          "elevation": 102,
          "marginTop": 20,
          "opacity": 1,
          "zIndex": 102,
        }
      }
    >
      <Text
        style={
          {
            "borderRadius": 12,
            "color": "#fff",
            "fontSize": 30,
            "justifyContent": "center",
            "padding": 16,
            "textAlign": "center",
          }
        }
      >
        Ten Frame - Touch
      </Text>
    </View>
    <View
      accessible={true}
      collapsable={false}
      focusable={true}
      onClick={[Function]}
      onResponderGrant={[Function]}
      onResponderMove={[Function]}
      onResponderRelease={[Function]}
      onResponderTerminate={[Function]}
      onResponderTerminationRequest={[Function]}
      onStartShouldSetResponder={[Function]}
      style={
        {
          "alignItems": "center",
          "backgroundColor": "rgba(0,255,205,0.4)",
          "borderRadius": 12,
          "elevation": 102,
          "marginTop": 20,
          "opacity": 1,
          "zIndex": 102,
        }
      }
    >
      <Text
        style={
          {
            "borderRadius": 12,
            "color": "#fff",
            "fontSize": 30,
            "justifyContent": "center",
            "padding": 16,
            "textAlign": "center",
          }
        }
      >
        Ten Frame - Game
      </Text>
    </View>
    <View
      accessible={true}
      collapsable={false}
      focusable={true}
      onClick={[Function]}
      onResponderGrant={[Function]}
      onResponderMove={[Function]}
      onResponderRelease={[Function]}
      onResponderTerminate={[Function]}
      onResponderTerminationRequest={[Function]}
      onStartShouldSetResponder={[Function]}
      style={
        {
          "alignItems": "center",
          "backgroundColor": "rgba(0,255,205,0.4)",
          "borderRadius": 12,
          "elevation": 102,
          "marginTop": 20,
          "opacity": 1,
          "zIndex": 102,
        }
      }
    >
      <Text
        style={
          {
            "borderRadius": 12,
            "color": "#fff",
            "fontSize": 30,
            "justifyContent": "center",
            "padding": 16,
            "textAlign": "center",
          }
        }
      >
        About
      </Text>
    </View>
  </View>,
]
`;
