// Jest Snapshot v1, https://goo.gl/fbAQLP

exports[`<HamburgerIcon /> renders correctly 1`] = `
<View
  accessible={true}
  collapsable={false}
  focusable={true}
  onClick={[Function]}
  onResponderGrant={[Function]}
  onResponderMove={[Function]}
  onResponderRelease={[Function]}
  onResponderTerminate={[Function]}
  onResponderTerminationRequest={[Function]}
  onStartShouldSetResponder={[Function]}
  style={
    {
      "flex": 1,
      "flexDirection": "column",
      "margin": 10,
      "opacity": 1,
      "width": 30,
    }
  }
>
  <View
    style={
      {
        "borderColor": "#fff",
        "borderRadius": 10,
        "borderWidth": 2,
        "marginTop": 8,
        "width": 35,
      }
    }
  />
  <View
    style={
      {
        "borderColor": "#fff",
        "borderRadius": 10,
        "borderWidth": 2,
        "marginTop": 8,
        "width": 35,
      }
    }
  />
  <View
    style={
      {
        "borderColor": "#fff",
        "borderRadius": 10,
        "borderWidth": 2,
        "marginTop": 8,
        "width": 35,
      }
    }
  />
</View>
`;
