// Jest Snapshot v1, https://goo.gl/fbAQLP

exports[`<HamburgerIcon /> renders correctly 1`] = `
<View
  style={
    {
      "flex": 1,
      "flexDirection": "column",
      "margin": 10,
      "width": 30,
    }
  }
>
  <View
    style={
      {
        "borderColor": "#fff",
        "borderRadius": 10,
        "borderWidth": 2,
        "marginTop": 8,
        "width": 35,
      }
    }
  />
  <View
    style={
      {
        "borderColor": "#fff",
        "borderRadius": 10,
        "borderWidth": 2,
        "marginTop": 8,
        "width": 35,
      }
    }
  />
  <View
    style={
      {
        "borderColor": "#fff",
        "borderRadius": 10,
        "borderWidth": 2,
        "marginTop": 8,
        "width": 35,
      }
    }
  />
</View>
`;
