// Jest Snapshot v1, https://goo.gl/fbAQLP

exports[`<Table /> renders correctly 1`] = `
<View
  style={
    {
      "flexDirection": "row",
      "flexWrap": "wrap",
      "justifyContent": "center",
      "width": 166,
    }
  }
>
  <View
    style={
      {
        "alignItems": "center",
        "backgroundColor": "#fff",
        "borderColor": "#000",
        "borderWidth": 3,
        "height": 80,
        "justifyContent": "center",
        "width": 80,
      }
    }
  >
    <View
      style={
        {
          "backgroundColor": "#f00",
          "borderColor": "#000",
          "borderRadius": 50,
          "borderWidth": 3,
          "height": 70,
          "overflow": "hidden",
          "width": 70,
        }
      }
    />
  </View>
  <View
    style={
      {
        "alignItems": "center",
        "backgroundColor": "#fff",
        "borderColor": "#000",
        "borderWidth": 3,
        "height": 80,
        "justifyContent": "center",
        "width": 80,
      }
    }
  >
    <View
      style={
        {
          "backgroundColor": "#f00",
          "borderColor": "#000",
          "borderRadius": 50,
          "borderWidth": 3,
          "height": 70,
          "overflow": "hidden",
          "width": 70,
        }
      }
    />
  </View>
  <View
    style={
      {
        "alignItems": "center",
        "backgroundColor": "#fff",
        "borderColor": "#000",
        "borderWidth": 3,
        "height": 80,
        "justifyContent": "center",
        "width": 80,
      }
    }
  >
    <View
      style={
        {
          "backgroundColor": "#f00",
          "borderColor": "#000",
          "borderRadius": 50,
          "borderWidth": 3,
          "height": 70,
          "overflow": "hidden",
          "width": 70,
        }
      }
    />
  </View>
  <View
    style={
      {
        "alignItems": "center",
        "backgroundColor": "#fff",
        "borderColor": "#000",
        "borderWidth": 3,
        "height": 80,
        "justifyContent": "center",
        "width": 80,
      }
    }
  >
    <View
      style={
        {
          "backgroundColor": "#f00",
          "borderColor": "#000",
          "borderRadius": 50,
          "borderWidth": 3,
          "height": 70,
          "overflow": "hidden",
          "width": 70,
        }
      }
    />
  </View>
  <View
    style={
      {
        "alignItems": "center",
        "backgroundColor": "#fff",
        "borderColor": "#000",
        "borderWidth": 3,
        "height": 80,
        "justifyContent": "center",
        "width": 80,
      }
    }
  >
    <View
      style={
        {
          "backgroundColor": "#f00",
          "borderColor": "#000",
          "borderRadius": 50,
          "borderWidth": 3,
          "height": 70,
          "overflow": "hidden",
          "width": 70,
        }
      }
    />
  </View>
  <View
    style={
      {
        "alignItems": "center",
        "backgroundColor": "#fff",
        "borderColor": "#000",
        "borderWidth": 3,
        "height": 80,
        "justifyContent": "center",
        "width": 80,
      }
    }
  >
    <View
      style={
        {
          "backgroundColor": "#f00",
          "borderColor": "#000",
          "borderRadius": 50,
          "borderWidth": 3,
          "height": 70,
          "overflow": "hidden",
          "width": 70,
        }
      }
    />
  </View>
  <View
    style={
      {
        "alignItems": "center",
        "backgroundColor": "#fff",
        "borderColor": "#000",
        "borderWidth": 3,
        "height": 80,
        "justifyContent": "center",
        "width": 80,
      }
    }
  >
    <View
      style={
        {
          "backgroundColor": "#f00",
          "borderColor": "#000",
          "borderRadius": 50,
          "borderWidth": 3,
          "height": 70,
          "overflow": "hidden",
          "width": 70,
        }
      }
    />
  </View>
  <View
    style={
      {
        "alignItems": "center",
        "backgroundColor": "#fff",
        "borderColor": "#000",
        "borderWidth": 3,
        "height": 80,
        "justifyContent": "center",
        "width": 80,
      }
    }
  >
    <View
      style={
        {
          "backgroundColor": "#f00",
          "borderColor": "#000",
          "borderRadius": 50,
          "borderWidth": 3,
          "height": 70,
          "overflow": "hidden",
          "width": 70,
        }
      }
    />
  </View>
  <View
    style={
      {
        "alignItems": "center",
        "backgroundColor": "#fff",
        "borderColor": "#000",
        "borderWidth": 3,
        "height": 80,
        "justifyContent": "center",
        "width": 80,
      }
    }
  >
    <View
      style={
        {
          "backgroundColor": "#f00",
          "borderColor": "#000",
          "borderRadius": 50,
          "borderWidth": 3,
          "height": 70,
          "overflow": "hidden",
          "width": 70,
        }
      }
    />
  </View>
  <View
    style={
      {
        "alignItems": "center",
        "backgroundColor": "#fff",
        "borderColor": "#000",
        "borderWidth": 3,
        "height": 80,
        "justifyContent": "center",
        "width": 80,
      }
    }
  >
    <View
      style={
        {
          "backgroundColor": "#f00",
          "borderColor": "#000",
          "borderRadius": 50,
          "borderWidth": 3,
          "height": 70,
          "overflow": "hidden",
          "width": 70,
        }
      }
    />
  </View>
</View>
`;
