// Jest Snapshot v1, https://goo.gl/fbAQLP

exports[`<Home /> renders correctly 1`] = `
[
  <Image
    source={
      {
        "testUri": "../../../src/assets/images/tflogo.png",
      }
    }
    style={
      {
        "height": 200,
        "marginBottom": 20,
        "width": 200,
      }
    }
  />,
  <Text
    style={
      {
        "color": "#fff",
        "fontSize": 20,
        "marginTop": 15,
        "textAlign": "center",
      }
    }
  >
    Ten Frame, made by Dean Spooner!
  </Text>,
  <Text
    style={
      {
        "color": "#fff",
        "fontSize": 20,
        "marginTop": 15,
        "textAlign": "center",
      }
    }
  >
    Built September/October 2022.
  </Text>,
]
`;
